2026-05-13 00:08:01 - app - INFO - Logging configured successfully
2026-05-13 00:08:01 - app - INFO - Logging configured successfully
2026-05-13 00:08:01 - app - INFO - Logging configured successfully
2026-05-13 00:08:01 - app - INFO - Logging configured successfully
2026-05-13 00:08:03 - app - INFO - Logging configured successfully
2026-05-13 00:08:03 - app - INFO - Logging configured successfully
2026-05-13 00:08:03 - app - INFO - Logging configured successfully
2026-05-13 00:08:03 - app - INFO - Logging configured successfully
2026-05-13 00:08:05 - app - INFO - Logging configured successfully
2026-05-13 00:08:05 - app - INFO - Logging configured successfully
2026-05-13 00:08:05 - app - INFO - Logging configured successfully
2026-05-13 00:08:05 - app - INFO - Logging configured successfully
2026-05-13 00:08:36 - app - INFO - Logging configured successfully
2026-05-13 00:08:37 - app - INFO - Logging configured successfully
2026-05-13 00:08:37 - app - INFO - Logging configured successfully
2026-05-13 00:08:37 - app - INFO - Logging configured successfully
2026-05-13 00:08:38 - app - INFO - Logging configured successfully
2026-05-13 00:08:38 - app - INFO - Logging configured successfully
2026-05-13 00:08:38 - app - INFO - Logging configured successfully
2026-05-13 00:08:38 - app - INFO - Logging configured successfully
2026-05-13 00:08:40 - app - INFO - Logging configured successfully
2026-05-13 00:08:40 - app - INFO - Logging configured successfully
2026-05-13 00:08:40 - app - INFO - Logging configured successfully
2026-05-13 00:08:40 - app - INFO - Logging configured successfully
2026-05-13 00:08:42 - app - INFO - Logging configured successfully
2026-05-13 00:08:42 - app - INFO - Logging configured successfully
2026-05-13 00:08:42 - app - INFO - Logging configured successfully
2026-05-13 00:08:42 - app - INFO - Logging configured successfully
2026-05-13 00:08:45 - app - INFO - Logging configured successfully
2026-05-13 00:08:45 - app - INFO - Logging configured successfully
2026-05-13 00:08:45 - app - INFO - Logging configured successfully
2026-05-13 00:08:45 - app - INFO - Logging configured successfully
2026-05-13 00:08:50 - app - INFO - Logging configured successfully
2026-05-13 00:08:50 - app - INFO - Logging configured successfully
2026-05-13 00:08:50 - app - INFO - Logging configured successfully
2026-05-13 00:08:50 - app - INFO - Logging configured successfully
2026-05-13 00:08:58 - app - INFO - Logging configured successfully
2026-05-13 00:08:58 - app - INFO - Logging configured successfully
2026-05-13 00:08:58 - app - INFO - Logging configured successfully
2026-05-13 00:08:58 - app - INFO - Logging configured successfully
2026-05-13 00:09:12 - app - INFO - Logging configured successfully
2026-05-13 00:09:12 - app - INFO - Logging configured successfully
2026-05-13 00:09:12 - app - INFO - Logging configured successfully
2026-05-13 00:09:12 - app - INFO - Logging configured successfully
2026-05-13 00:09:39 - app - INFO - Logging configured successfully
2026-05-13 00:09:39 - app - INFO - Logging configured successfully
2026-05-13 00:09:39 - app - INFO - Logging configured successfully
2026-05-13 00:09:39 - app - INFO - Logging configured successfully
2026-05-13 00:15:10 - app - INFO - Logging configured successfully
2026-05-13 00:15:11 - app - INFO - Logging configured successfully
2026-05-13 00:15:11 - app - INFO - Logging configured successfully
2026-05-13 00:15:11 - app - INFO - Logging configured successfully
2026-05-13 00:15:13 - app - INFO - Logging configured successfully
2026-05-13 00:15:13 - app - INFO - Logging configured successfully
2026-05-13 00:15:13 - app - INFO - Logging configured successfully
2026-05-13 00:15:13 - app - INFO - Logging configured successfully
2026-05-13 00:15:15 - app - INFO - Logging configured successfully
2026-05-13 00:15:15 - app - INFO - Logging configured successfully
2026-05-13 00:15:15 - app - INFO - Logging configured successfully
2026-05-13 00:15:15 - app - INFO - Logging configured successfully
2026-05-13 00:15:17 - app - INFO - Logging configured successfully
2026-05-13 00:15:17 - app - INFO - Logging configured successfully
2026-05-13 00:15:17 - app - INFO - Logging configured successfully
2026-05-13 00:15:17 - app - INFO - Logging configured successfully
2026-05-13 00:15:49 - app - INFO - Logging configured successfully
2026-05-13 00:15:49 - app - INFO - Logging configured successfully
2026-05-13 00:15:49 - app - INFO - Logging configured successfully
2026-05-13 00:15:49 - app - INFO - Logging configured successfully
2026-05-13 00:15:51 - app - INFO - Logging configured successfully
2026-05-13 00:15:51 - app - INFO - Logging configured successfully
2026-05-13 00:15:51 - app - INFO - Logging configured successfully
2026-05-13 00:15:51 - app - INFO - Logging configured successfully
2026-05-13 00:15:53 - app - INFO - Logging configured successfully
2026-05-13 00:15:53 - app - INFO - Logging configured successfully
2026-05-13 00:15:53 - app - INFO - Logging configured successfully
2026-05-13 00:15:53 - app - INFO - Logging configured successfully
2026-05-13 00:15:56 - app - INFO - Logging configured successfully
2026-05-13 00:15:56 - app - INFO - Logging configured successfully
2026-05-13 00:15:56 - app - INFO - Logging configured successfully
2026-05-13 00:15:56 - app - INFO - Logging configured successfully
2026-05-13 00:15:59 - app - INFO - Logging configured successfully
2026-05-13 00:15:59 - app - INFO - Logging configured successfully
2026-05-13 00:15:59 - app - INFO - Logging configured successfully
2026-05-13 00:15:59 - app - INFO - Logging configured successfully
2026-05-13 00:16:04 - app - INFO - Logging configured successfully
2026-05-13 00:16:04 - app - INFO - Logging configured successfully
2026-05-13 00:16:04 - app - INFO - Logging configured successfully
2026-05-13 00:16:04 - app - INFO - Logging configured successfully
2026-05-13 00:16:12 - app - INFO - Logging configured successfully
2026-05-13 00:16:12 - app - INFO - Logging configured successfully
2026-05-13 00:16:12 - app - INFO - Logging configured successfully
2026-05-13 00:16:12 - app - INFO - Logging configured successfully
2026-05-13 00:16:27 - app - INFO - Logging configured successfully
2026-05-13 00:16:27 - app - INFO - Logging configured successfully
2026-05-13 00:16:27 - app - INFO - Logging configured successfully
2026-05-13 00:16:27 - app - INFO - Logging configured successfully
2026-05-13 00:16:54 - app - INFO - Logging configured successfully
2026-05-13 00:16:54 - app - INFO - Logging configured successfully
2026-05-13 00:16:54 - app - INFO - Logging configured successfully
2026-05-13 00:16:54 - app - INFO - Logging configured successfully
2026-05-13 00:17:47 - app - INFO - Logging configured successfully
2026-05-13 00:17:47 - app - INFO - Logging configured successfully
2026-05-13 00:17:47 - app - INFO - Logging configured successfully
2026-05-13 00:17:47 - app - INFO - Logging configured successfully
2026-05-13 00:18:49 - app - INFO - Logging configured successfully
2026-05-13 00:18:49 - app - INFO - Logging configured successfully
2026-05-13 00:18:49 - app - INFO - Logging configured successfully
2026-05-13 00:18:49 - app - INFO - Logging configured successfully
2026-05-13 00:19:51 - app - INFO - Logging configured successfully
2026-05-13 00:19:51 - app - INFO - Logging configured successfully
2026-05-13 00:19:51 - app - INFO - Logging configured successfully
2026-05-13 00:19:51 - app - INFO - Logging configured successfully
2026-05-13 00:19:52 - app.utils.openstack - INFO - Successfully connected to OpenStack
2026-05-13 00:19:52 - app.utils.openstack - INFO - Successfully connected to OpenStack
2026-05-13 00:19:52 - app.utils.openstack - INFO - Successfully connected to OpenStack
2026-05-13 00:19:52 - app.utils.openstack - INFO - Successfully connected to OpenStack
2026-05-13 00:19:52 - app - INFO - Created default admin user
2026-05-13 00:19:52 - app - INFO - Application started in production mode
2026-05-13 00:20:02 - app - INFO - Logging configured successfully
2026-05-13 00:20:02 - app - INFO - Logging configured successfully
2026-05-13 00:20:02 - app - INFO - Logging configured successfully
2026-05-13 00:20:02 - app - INFO - Logging configured successfully
2026-05-13 00:20:03 - app.utils.openstack - INFO - Successfully connected to OpenStack
2026-05-13 00:20:03 - app.utils.openstack - INFO - Successfully connected to OpenStack
2026-05-13 00:20:03 - app.utils.openstack - INFO - Successfully connected to OpenStack
2026-05-13 00:20:03 - app - INFO - Application started in production mode
2026-05-13 00:20:03 - app - INFO - Application started in production mode
2026-05-13 00:20:03 - app.utils.openstack - INFO - Successfully connected to OpenStack
2026-05-13 00:20:03 - app - INFO - Application started in production mode
2026-05-13 00:20:03 - app - INFO - Application started in production mode
2026-05-13 00:32:46 - app - INFO - Logging configured successfully
2026-05-13 00:32:46 - app - INFO - Logging configured successfully
2026-05-13 00:32:46 - app - INFO - Logging configured successfully
2026-05-13 00:32:46 - app - INFO - Logging configured successfully
2026-05-13 00:32:47 - app.utils.openstack - INFO - Successfully connected to OpenStack
2026-05-13 00:32:47 - app.utils.openstack - INFO - Successfully connected to OpenStack
2026-05-13 00:32:47 - app.utils.openstack - INFO - Successfully connected to OpenStack
2026-05-13 00:32:47 - app.utils.openstack - INFO - Successfully connected to OpenStack
2026-05-13 00:32:47 - app - INFO - Application started in production mode
2026-05-13 00:32:47 - app - INFO - Application started in production mode
2026-05-13 00:32:47 - app - INFO - Application started in production mode
2026-05-13 00:32:47 - app - INFO - Application started in production mode
2026-05-13 00:38:00 - app - INFO - Logging configured successfully
2026-05-13 00:38:00 - app - INFO - Logging configured successfully
2026-05-13 00:38:01 - app - INFO - Logging configured successfully
2026-05-13 00:38:01 - app - INFO - Logging configured successfully
2026-05-13 00:38:01 - app.utils.openstack - INFO - Successfully connected to OpenStack
2026-05-13 00:38:01 - app.utils.openstack - INFO - Successfully connected to OpenStack
2026-05-13 00:38:01 - app.utils.openstack - INFO - Successfully connected to OpenStack
2026-05-13 00:38:02 - app.utils.openstack - INFO - Successfully connected to OpenStack
2026-05-13 00:38:02 - app - INFO - Application started in production mode
2026-05-13 00:38:02 - app - INFO - Application started in production mode
2026-05-13 00:38:02 - app - INFO - Application started in production mode
2026-05-13 00:38:02 - app - INFO - Application started in production mode
2026-05-13 09:26:39 - app - INFO - Logging configured successfully
2026-05-13 09:26:39 - app - INFO - Logging configured successfully
2026-05-13 09:26:39 - app - INFO - Logging configured successfully
2026-05-13 09:26:39 - app - INFO - Logging configured successfully
2026-05-13 09:26:40 - app.utils.openstack - INFO - Successfully connected to OpenStack
2026-05-13 09:26:40 - app.utils.openstack - INFO - Successfully connected to OpenStack
2026-05-13 09:26:40 - app.utils.openstack - INFO - Successfully connected to OpenStack
2026-05-13 09:26:40 - app.utils.openstack - INFO - Successfully connected to OpenStack
2026-05-13 09:26:40 - app - INFO - Application started in production mode
2026-05-13 09:26:40 - app - INFO - Application started in production mode
2026-05-13 09:26:40 - app - INFO - Application started in production mode
2026-05-13 09:26:40 - app - INFO - Application started in production mode
2026-05-13 09:40:31 - app - INFO - Logging configured successfully
2026-05-13 09:40:31 - app - INFO - Logging configured successfully
2026-05-13 09:40:31 - app - INFO - Logging configured successfully
2026-05-13 09:40:31 - app - INFO - Logging configured successfully
2026-05-13 09:40:32 - app.utils.openstack - INFO - Successfully connected to OpenStack
2026-05-13 09:40:32 - app.utils.openstack - INFO - Successfully connected to OpenStack
2026-05-13 09:40:32 - app.utils.openstack - INFO - Successfully connected to OpenStack
2026-05-13 09:40:32 - app.utils.openstack - INFO - Successfully connected to OpenStack
2026-05-13 09:40:32 - app - INFO - Application started in production mode
2026-05-13 09:40:32 - app - INFO - Application started in production mode
2026-05-13 09:40:32 - app - INFO - Application started in production mode
2026-05-13 09:40:32 - app - INFO - Application started in production mode
2026-05-13 09:44:14 - app - INFO - Logging configured successfully
2026-05-13 09:44:14 - app - INFO - Logging configured successfully
2026-05-13 09:44:14 - app - INFO - Logging configured successfully
2026-05-13 09:44:14 - app - INFO - Logging configured successfully
2026-05-13 09:44:15 - app.utils.openstack - INFO - Successfully connected to OpenStack
2026-05-13 09:44:15 - app.utils.openstack - INFO - Successfully connected to OpenStack
2026-05-13 09:44:15 - app.utils.openstack - INFO - Successfully connected to OpenStack
2026-05-13 09:44:15 - app - INFO - Application started in production mode
2026-05-13 09:44:15 - app - INFO - Application started in production mode
2026-05-13 09:44:15 - app - INFO - Application started in production mode
2026-05-13 09:44:15 - app.utils.openstack - INFO - Successfully connected to OpenStack
2026-05-13 09:44:15 - app - INFO - Application started in production mode
2026-05-13 09:46:56 - app.utils.openstack - ERROR - Error listing networks: 'Network' object has no attribute 'admin_state_up'
2026-05-13 09:46:56 - app.utils.openstack - ERROR - Error listing networks: 'Network' object has no attribute 'admin_state_up'
2026-05-13 09:48:42 - app.utils.openstack - ERROR - Error listing networks: 'Network' object has no attribute 'admin_state_up'
2026-05-13 09:48:43 - app.utils.openstack - ERROR - Error listing networks: 'Network' object has no attribute 'admin_state_up'
2026-05-13 09:51:42 - app.utils.openstack - ERROR - Error listing networks: 'Network' object has no attribute 'admin_state_up'
2026-05-13 09:51:42 - app.utils.openstack - ERROR - Error listing networks: 'Network' object has no attribute 'admin_state_up'
2026-05-13 09:53:46 - app.utils.openstack - ERROR - Error listing networks: 'Network' object has no attribute 'admin_state_up'
2026-05-13 09:53:46 - app.utils.openstack - ERROR - Error listing networks: 'Network' object has no attribute 'admin_state_up'
2026-05-13 10:12:25 - app - INFO - Logging configured successfully
2026-05-13 10:12:25 - app - INFO - Logging configured successfully
2026-05-13 10:12:25 - app - INFO - Logging configured successfully
2026-05-13 10:12:25 - app - INFO - Logging configured successfully
2026-05-13 10:12:26 - app.utils.openstack - INFO - Successfully connected to OpenStack
2026-05-13 10:12:26 - app.utils.openstack - INFO - Successfully connected to OpenStack
2026-05-13 10:12:26 - app.utils.openstack - INFO - Successfully connected to OpenStack
2026-05-13 10:12:26 - app.utils.openstack - INFO - Successfully connected to OpenStack
2026-05-13 10:12:26 - app - INFO - Application started in production mode
2026-05-13 10:12:26 - app - INFO - Application started in production mode
2026-05-13 10:12:26 - app - INFO - Application started in production mode
2026-05-13 10:12:26 - app - INFO - Application started in production mode
2026-05-13 10:16:20 - app - INFO - Logging configured successfully
2026-05-13 10:16:20 - app - INFO - Logging configured successfully
2026-05-13 10:16:20 - app - INFO - Logging configured successfully
2026-05-13 10:16:20 - app - INFO - Logging configured successfully
2026-05-13 10:16:21 - app.utils.openstack - INFO - Successfully connected to OpenStack
2026-05-13 10:16:21 - app.utils.openstack - INFO - Successfully connected to OpenStack
2026-05-13 10:16:21 - app.utils.openstack - INFO - Successfully connected to OpenStack
2026-05-13 10:16:21 - app - INFO - Application started in production mode
2026-05-13 10:16:21 - app - INFO - Application started in production mode
2026-05-13 10:16:21 - app.utils.openstack - INFO - Successfully connected to OpenStack
2026-05-13 10:16:21 - app - INFO - Application started in production mode
2026-05-13 10:16:21 - app - INFO - Application started in production mode
2026-05-18 08:23:43 - app - INFO - Logging configured successfully
2026-05-18 08:23:43 - app - INFO - Logging configured successfully
2026-05-18 08:23:43 - app - INFO - Logging configured successfully
2026-05-18 08:23:43 - app - INFO - Logging configured successfully
2026-05-18 08:23:45 - app.utils.openstack - INFO - Successfully connected to OpenStack
2026-05-18 08:23:45 - app.utils.openstack - INFO - Successfully connected to OpenStack
2026-05-18 08:23:45 - app.utils.openstack - INFO - Successfully connected to OpenStack
2026-05-18 08:23:45 - app.utils.openstack - INFO - Successfully connected to OpenStack
2026-05-18 08:23:46 - app - INFO - Application started in production mode
2026-05-18 08:23:46 - app - INFO - Application started in production mode
2026-05-18 08:23:46 - app - INFO - Application started in production mode
2026-05-18 08:23:46 - app - INFO - Application started in production mode
2026-05-18 08:26:01 - app.utils.openstack - ERROR - Error getting stats: Could not find versioned identity endpoints when attempting to authenticate. Please check that your auth_url is correct. Request to http://192.168.91.128/identity timed out
2026-05-18 08:26:01 - app.utils.openstack - ERROR - Error getting stats: Could not find versioned identity endpoints when attempting to authenticate. Please check that your auth_url is correct. Request to http://192.168.91.128/identity timed out
2026-05-18 08:26:34 - app.utils.openstack - ERROR - Error getting stats: Could not find versioned identity endpoints when attempting to authenticate. Please check that your auth_url is correct. Request to http://192.168.91.128/identity timed out
2026-05-18 08:26:34 - app.utils.openstack - ERROR - Error getting stats: Could not find versioned identity endpoints when attempting to authenticate. Please check that your auth_url is correct. Request to http://192.168.91.128/identity timed out
2026-05-18 08:28:17 - app.utils.openstack - ERROR - Error getting stats: Could not find versioned identity endpoints when attempting to authenticate. Please check that your auth_url is correct. Request to http://192.168.91.128/identity timed out
2026-05-18 08:28:17 - app.utils.openstack - ERROR - Error listing networks: Could not find versioned identity endpoints when attempting to authenticate. Please check that your auth_url is correct. Request to http://192.168.91.128/identity timed out
2026-05-18 08:37:31 - app - INFO - Logging configured successfully
2026-05-18 08:37:31 - app - INFO - Logging configured successfully
2026-05-18 08:37:31 - app - INFO - Logging configured successfully
2026-05-18 08:37:31 - app - INFO - Logging configured successfully
2026-05-18 08:37:34 - app.utils.openstack - INFO - Successfully connected to OpenStack
2026-05-18 08:37:34 - app.utils.openstack - INFO - Successfully connected to OpenStack
2026-05-18 08:37:34 - app.utils.openstack - INFO - Successfully connected to OpenStack
2026-05-18 08:37:34 - app.utils.openstack - INFO - Successfully connected to OpenStack
2026-05-18 08:37:34 - app - INFO - Application started in production mode
2026-05-18 08:37:34 - app - INFO - Application started in production mode
2026-05-18 08:37:34 - app - INFO - Application started in production mode
2026-05-18 08:37:34 - app - INFO - Application started in production mode
2026-05-18 08:50:06 - app.utils.openstack - ERROR - Error listing networks: 'Network' object has no attribute 'admin_state_up'
2026-05-18 08:50:06 - app.utils.openstack - ERROR - Error listing networks: 'Network' object has no attribute 'admin_state_up'
2026-05-18 08:50:25 - app.routes.vms - ERROR - Error creating instance: (psycopg2.errors.NotNullViolation) null value in column "instance_id" of relation "vm_logs" violates not-null constraint
DETAIL:  Failing row contains (2, 1, null, demo-instance, create, pending, null, 2026-05-18 08:50:25.461345).

[SQL: INSERT INTO vm_logs (user_id, instance_id, instance_name, action, status, message, created_at) VALUES (%(user_id)s, %(instance_id)s, %(instance_name)s, %(action)s, %(status)s, %(message)s, %(created_at)s) RETURNING vm_logs.id]
[parameters: {'user_id': 1, 'instance_id': None, 'instance_name': 'demo-instance', 'action': 'create', 'status': 'pending', 'message': None, 'created_at': datetime.datetime(2026, 5, 18, 8, 50, 25, 461345)}]
(Background on this error at: https://sqlalche.me/e/20/gkpj)
2026-05-18 08:50:32 - app.routes.vms - ERROR - Error creating instance: (psycopg2.errors.NotNullViolation) null value in column "instance_id" of relation "vm_logs" violates not-null constraint
DETAIL:  Failing row contains (3, 1, null, demo-instance, create, pending, null, 2026-05-18 08:50:32.927359).

[SQL: INSERT INTO vm_logs (user_id, instance_id, instance_name, action, status, message, created_at) VALUES (%(user_id)s, %(instance_id)s, %(instance_name)s, %(action)s, %(status)s, %(message)s, %(created_at)s) RETURNING vm_logs.id]
[parameters: {'user_id': 1, 'instance_id': None, 'instance_name': 'demo-instance', 'action': 'create', 'status': 'pending', 'message': None, 'created_at': datetime.datetime(2026, 5, 18, 8, 50, 32, 927359)}]
(Background on this error at: https://sqlalche.me/e/20/gkpj)
2026-05-18 08:50:55 - app.routes.vms - ERROR - Error creating instance: (psycopg2.errors.NotNullViolation) null value in column "instance_id" of relation "vm_logs" violates not-null constraint
DETAIL:  Failing row contains (4, 1, null, demo-instance, create, pending, null, 2026-05-18 08:50:55.210476).

[SQL: INSERT INTO vm_logs (user_id, instance_id, instance_name, action, status, message, created_at) VALUES (%(user_id)s, %(instance_id)s, %(instance_name)s, %(action)s, %(status)s, %(message)s, %(created_at)s) RETURNING vm_logs.id]
[parameters: {'user_id': 1, 'instance_id': None, 'instance_name': 'demo-instance', 'action': 'create', 'status': 'pending', 'message': None, 'created_at': datetime.datetime(2026, 5, 18, 8, 50, 55, 210476)}]
(Background on this error at: https://sqlalche.me/e/20/gkpj)
2026-05-18 08:59:53 - app.utils.openstack - ERROR - Error listing networks: 'Network' object has no attribute 'admin_state_up'
2026-05-18 09:00:02 - app.utils.openstack - ERROR - Error listing networks: 'Network' object has no attribute 'admin_state_up'
2026-05-18 09:00:10 - app.utils.openstack - ERROR - Error listing networks: 'Network' object has no attribute 'admin_state_up'
2026-05-18 09:00:16 - app.utils.openstack - ERROR - Error listing networks: 'Network' object has no attribute 'admin_state_up'
2026-05-18 09:00:33 - app.utils.openstack - ERROR - Error listing networks: 'Network' object has no attribute 'admin_state_up'
2026-05-18 09:00:59 - app.utils.openstack - ERROR - Error listing networks: 'Network' object has no attribute 'admin_state_up'
2026-05-18 09:01:00 - app.utils.openstack - ERROR - Error listing networks: 'Network' object has no attribute 'admin_state_up'
2026-05-18 09:01:04 - app.utils.openstack - ERROR - Error listing networks: 'Network' object has no attribute 'admin_state_up'
2026-05-18 09:01:09 - app.utils.openstack - ERROR - Error listing networks: 'Network' object has no attribute 'admin_state_up'
2026-05-18 09:01:18 - app.utils.openstack - ERROR - Error listing networks: 'Network' object has no attribute 'admin_state_up'
2026-05-18 09:01:50 - app.utils.openstack - ERROR - Error listing networks: 'Network' object has no attribute 'admin_state_up'
2026-05-18 09:29:05 - app.utils.openstack - ERROR - Error listing networks: 'Network' object has no attribute 'admin_state_up'
2026-05-18 09:29:54 - app - INFO - Logging configured successfully
2026-05-18 09:29:54 - app - INFO - Logging configured successfully
2026-05-18 09:29:54 - app - INFO - Logging configured successfully
2026-05-18 09:29:54 - app - INFO - Logging configured successfully
2026-05-18 09:29:56 - app.utils.openstack - INFO - Successfully connected to OpenStack
2026-05-18 09:29:56 - app.utils.openstack - INFO - Successfully connected to OpenStack
2026-05-18 09:29:56 - app.utils.openstack - INFO - Successfully connected to OpenStack
2026-05-18 09:29:56 - app.utils.openstack - INFO - Successfully connected to OpenStack
2026-05-18 09:29:56 - app - INFO - Application started in production mode
2026-05-18 09:29:56 - app - INFO - Application started in production mode
2026-05-18 09:29:56 - app - INFO - Application started in production mode
2026-05-18 09:29:56 - app - INFO - Application started in production mode
2026-05-18 09:30:02 - app.utils.openstack - INFO - Successfully connected to OpenStack
2026-05-18 09:30:02 - app.utils.openstack - INFO - Successfully connected to OpenStack
2026-05-18 09:30:22 - app.utils.openstack - INFO - Successfully connected to OpenStack
2026-05-18 09:30:22 - app.utils.openstack - INFO - Successfully connected to OpenStack
2026-05-18 09:33:39 - app.utils.openstack - INFO - Successfully connected to OpenStack
2026-05-18 09:33:39 - app.utils.openstack - INFO - Successfully connected to OpenStack
2026-05-18 09:33:39 - app.utils.openstack - INFO - Successfully connected to OpenStack
2026-05-18 09:33:39 - app.utils.openstack - INFO - Successfully connected to OpenStack
2026-05-18 09:33:40 - app.utils.openstack - INFO - Successfully connected to OpenStack
2026-05-18 09:33:40 - app.utils.openstack - INFO - Successfully connected to OpenStack
2026-05-18 09:33:40 - app.utils.openstack - INFO - Successfully connected to OpenStack
2026-05-18 09:33:40 - app.utils.openstack - INFO - Successfully connected to OpenStack
2026-05-18 09:33:40 - app.utils.openstack - ERROR - Error listing networks: 'Network' object has no attribute 'admin_state_up'
2026-05-18 09:33:40 - app.utils.openstack - ERROR - Error listing networks: 'Network' object has no attribute 'admin_state_up'
2026-05-18 09:33:47 - app.utils.openstack - INFO - Successfully connected to OpenStack
2026-05-18 09:33:47 - app.utils.openstack - ERROR - Error getting VNC console: 'Proxy' object has no attribute 'create_server_console'
2026-05-18 09:33:59 - app.utils.openstack - INFO - Successfully connected to OpenStack
2026-05-18 09:33:59 - app.utils.openstack - INFO - Successfully connected to OpenStack
2026-05-18 09:33:59 - app.utils.openstack - INFO - Successfully connected to OpenStack
2026-05-18 09:33:59 - app.utils.openstack - INFO - Successfully connected to OpenStack
2026-05-18 09:33:59 - app.utils.openstack - INFO - Successfully connected to OpenStack
2026-05-18 09:33:59 - app.utils.openstack - ERROR - Error listing networks: 'Network' object has no attribute 'admin_state_up'
2026-05-18 09:34:04 - app.utils.openstack - INFO - Successfully connected to OpenStack
2026-05-18 09:34:04 - app.utils.openstack - ERROR - Error rebooting instance: ConflictException: 409: Client Error for url: http://192.168.91.128/compute/v2.1/servers/0893c3f8-8a10-4958-bbc4-22e7d2b28346/action, Cannot 'reboot' instance 0893c3f8-8a10-4958-bbc4-22e7d2b28346 while it is in task_state powering-off
2026-05-18 09:34:04 - app.routes.vms - ERROR - Error rebooting instance: ConflictException: 409: Client Error for url: http://192.168.91.128/compute/v2.1/servers/0893c3f8-8a10-4958-bbc4-22e7d2b28346/action, Cannot 'reboot' instance 0893c3f8-8a10-4958-bbc4-22e7d2b28346 while it is in task_state powering-off
2026-05-18 09:35:18 - app.utils.openstack - INFO - Successfully connected to OpenStack
2026-05-18 09:35:18 - app.utils.openstack - ERROR - Error creating instances: BadRequestException: 400: Client Error for url: http://192.168.91.128/compute/v2.1/servers, Invalid input for field/attribute server. Value: {'name': 'mysql-server', 'flavorRef': '42', 'imageRef': '4f5210dd-2117-4064-b9c0-de94f5327e36'}. 'networks' is a required property
2026-05-18 09:35:18 - app.routes.vms - ERROR - Error creating instance: BadRequestException: 400: Client Error for url: http://192.168.91.128/compute/v2.1/servers, Invalid input for field/attribute server. Value: {'name': 'mysql-server', 'flavorRef': '42', 'imageRef': '4f5210dd-2117-4064-b9c0-de94f5327e36'}. 'networks' is a required property
2026-05-18 09:35:29 - app.utils.openstack - INFO - Successfully connected to OpenStack
2026-05-18 09:35:29 - app.utils.openstack - ERROR - Error creating instances: BadRequestException: 400: Client Error for url: http://192.168.91.128/compute/v2.1/servers, Invalid input for field/attribute server. Value: {'name': 'mysql-server', 'flavorRef': '42', 'imageRef': '4f5210dd-2117-4064-b9c0-de94f5327e36'}. 'networks' is a required property
2026-05-18 09:35:29 - app.routes.vms - ERROR - Error creating instance: BadRequestException: 400: Client Error for url: http://192.168.91.128/compute/v2.1/servers, Invalid input for field/attribute server. Value: {'name': 'mysql-server', 'flavorRef': '42', 'imageRef': '4f5210dd-2117-4064-b9c0-de94f5327e36'}. 'networks' is a required property
2026-05-18 09:53:18 - app - INFO - Logging configured successfully
2026-05-18 09:53:18 - app - INFO - Logging configured successfully
2026-05-18 09:53:18 - app - INFO - Logging configured successfully
2026-05-18 09:53:18 - app - INFO - Logging configured successfully
2026-05-18 09:53:19 - app.utils.openstack - INFO - Successfully connected to OpenStack
2026-05-18 09:53:19 - app.utils.openstack - INFO - Successfully connected to OpenStack
2026-05-18 09:53:20 - app - INFO - Application started in production mode
2026-05-18 09:53:20 - app.utils.openstack - INFO - Successfully connected to OpenStack
2026-05-18 09:53:20 - app - INFO - Application started in production mode
2026-05-18 09:53:20 - app - INFO - Application started in production mode
2026-05-18 09:53:20 - app.utils.openstack - INFO - Successfully connected to OpenStack
2026-05-18 09:53:20 - app - INFO - Application started in production mode
2026-05-18 09:53:27 - app.utils.openstack - INFO - Successfully connected to OpenStack
2026-05-18 09:53:29 - app.utils.openstack - INFO - Successfully connected to OpenStack
2026-05-18 09:54:05 - app.utils.openstack - INFO - Successfully connected to OpenStack
2026-05-18 09:54:05 - app.utils.openstack - INFO - Successfully connected to OpenStack
2026-05-18 09:54:12 - app.utils.openstack - INFO - Successfully connected to OpenStack
2026-05-18 09:54:12 - app.utils.openstack - INFO - Successfully connected to OpenStack
2026-05-18 09:54:12 - app.utils.openstack - INFO - Successfully connected to OpenStack
2026-05-18 09:54:12 - app.utils.openstack - INFO - Successfully connected to OpenStack
2026-05-18 09:54:12 - app.utils.openstack - INFO - Successfully connected to OpenStack
2026-05-18 09:54:12 - app.utils.openstack - INFO - Successfully connected to OpenStack
2026-05-18 09:54:12 - app.utils.openstack - INFO - Successfully connected to OpenStack
2026-05-18 09:54:12 - app.utils.openstack - INFO - Successfully connected to OpenStack
2026-05-18 09:54:12 - app.utils.openstack - ERROR - Error listing networks: 'Network' object has no attribute 'admin_state_up'
2026-05-18 09:54:12 - app.utils.openstack - ERROR - Error listing networks: 'Network' object has no attribute 'admin_state_up'
2026-05-18 09:54:16 - app.utils.openstack - INFO - Successfully connected to OpenStack
2026-05-18 09:54:16 - app.utils.openstack - INFO - Successfully connected to OpenStack
2026-05-18 09:54:16 - app.utils.openstack - INFO - Successfully connected to OpenStack
2026-05-18 09:54:16 - app.utils.openstack - INFO - Successfully connected to OpenStack
2026-05-18 09:54:16 - app.utils.openstack - INFO - Successfully connected to OpenStack
2026-05-18 09:54:16 - app.utils.openstack - ERROR - Error listing networks: 'Network' object has no attribute 'admin_state_up'
2026-05-18 09:54:54 - app.utils.openstack - INFO - Successfully connected to OpenStack
2026-05-18 09:55:08 - app.utils.openstack - ERROR - Error allocating floating IP: ResourceNotFound: 404: Client Error for url: http://192.168.91.128/networking/v2.0/floatingips, External network 2e49a9f5-ff65-42e1-a3a3-8551a71bda73 is not reachable from subnet 5f230bdf-2e46-4c61-8782-24b52617a509.  Therefore, cannot associate Port 9a994b64-67fa-4bd2-b833-e6e62121366d with a Floating IP.
2026-05-18 09:55:08 - app.utils.openstack - INFO - Successfully connected to OpenStack
2026-05-18 09:55:08 - app.utils.openstack - INFO - Successfully connected to OpenStack
2026-05-18 09:55:08 - app.utils.openstack - INFO - Successfully connected to OpenStack
2026-05-18 09:55:08 - app.utils.openstack - INFO - Successfully connected to OpenStack
2026-05-18 09:55:08 - app.utils.openstack - ERROR - Error listing networks: 'Network' object has no attribute 'admin_state_up'
2026-05-18 09:55:16 - app.utils.openstack - INFO - Successfully connected to OpenStack
2026-05-18 09:55:18 - app.utils.openstack - INFO - Successfully connected to OpenStack
2026-05-18 10:24:46 - app.utils.openstack - INFO - Successfully connected to OpenStack
2026-05-18 10:24:46 - app.utils.openstack - INFO - Successfully connected to OpenStack
2026-05-18 10:24:46 - app.utils.openstack - INFO - Successfully connected to OpenStack
2026-05-18 10:24:46 - app.utils.openstack - INFO - Successfully connected to OpenStack
2026-05-18 10:24:47 - app.utils.openstack - ERROR - Error listing networks: 'Network' object has no attribute 'admin_state_up'
2026-05-18 10:25:40 - app.utils.openstack - INFO - Successfully connected to OpenStack
2026-05-18 10:25:40 - app.utils.openstack - INFO - Successfully connected to OpenStack
2026-05-18 10:25:40 - app.utils.openstack - INFO - Successfully connected to OpenStack
2026-05-18 10:25:40 - app.utils.openstack - INFO - Successfully connected to OpenStack
2026-05-18 10:25:40 - app.utils.openstack - ERROR - Error listing networks: 'Network' object has no attribute 'admin_state_up'
2026-05-18 10:25:43 - app.utils.openstack - INFO - Successfully connected to OpenStack
2026-05-18 10:25:43 - app.utils.openstack - INFO - Successfully connected to OpenStack
2026-05-18 10:25:43 - app.utils.openstack - INFO - Successfully connected to OpenStack
2026-05-18 10:25:43 - app.utils.openstack - INFO - Successfully connected to OpenStack
2026-05-18 10:25:43 - app.utils.openstack - INFO - Successfully connected to OpenStack
2026-05-18 10:25:43 - app.utils.openstack - INFO - Successfully connected to OpenStack
2026-05-18 10:25:43 - app.utils.openstack - INFO - Successfully connected to OpenStack
2026-05-18 10:25:43 - app.utils.openstack - ERROR - Error listing networks: 'Network' object has no attribute 'admin_state_up'
2026-05-18 10:25:43 - app.utils.openstack - INFO - Successfully connected to OpenStack
2026-05-18 10:25:43 - app.utils.openstack - ERROR - Error listing networks: 'Network' object has no attribute 'admin_state_up'
2026-05-18 10:25:45 - app.utils.openstack - INFO - Successfully connected to OpenStack
2026-05-18 10:42:26 - app.utils.openstack - INFO - Successfully connected to OpenStack
2026-05-18 10:42:26 - app.utils.openstack - INFO - Successfully connected to OpenStack
2026-05-18 10:42:26 - app.utils.openstack - INFO - Successfully connected to OpenStack
2026-05-18 10:42:26 - app.utils.openstack - INFO - Successfully connected to OpenStack
2026-05-18 10:42:26 - app.utils.openstack - INFO - Successfully connected to OpenStack
2026-05-18 10:42:26 - app.utils.openstack - INFO - Successfully connected to OpenStack
2026-05-18 10:42:26 - app.utils.openstack - INFO - Successfully connected to OpenStack
2026-05-18 10:42:26 - app.utils.openstack - INFO - Successfully connected to OpenStack
2026-05-18 10:42:26 - app.utils.openstack - ERROR - Error listing networks: 'Network' object has no attribute 'admin_state_up'
2026-05-18 10:42:26 - app.utils.openstack - ERROR - Error listing networks: 'Network' object has no attribute 'admin_state_up'
2026-05-18 10:43:59 - app.utils.openstack - INFO - Successfully connected to OpenStack
2026-05-18 10:44:00 - app.utils.openstack - INFO - Successfully connected to OpenStack
2026-05-18 10:44:00 - app.utils.openstack - INFO - Successfully connected to OpenStack
2026-05-18 10:44:00 - app.utils.openstack - INFO - Successfully connected to OpenStack
2026-05-18 10:44:00 - app.utils.openstack - ERROR - Error listing networks: 'Network' object has no attribute 'admin_state_up'
2026-05-18 10:46:59 - app.utils.openstack - INFO - Successfully connected to OpenStack
2026-05-18 10:46:59 - app.utils.openstack - INFO - Successfully connected to OpenStack
2026-05-18 10:46:59 - app.utils.openstack - INFO - Successfully connected to OpenStack
2026-05-18 10:46:59 - app.utils.openstack - INFO - Successfully connected to OpenStack
2026-05-18 10:47:00 - app.utils.openstack - ERROR - Error listing networks: 'Network' object has no attribute 'admin_state_up'
2026-05-18 10:47:02 - app.utils.openstack - INFO - Successfully connected to OpenStack
2026-05-18 10:47:02 - app.utils.openstack - INFO - Successfully connected to OpenStack
2026-05-18 10:47:02 - app.utils.openstack - INFO - Successfully connected to OpenStack
2026-05-18 10:47:02 - app.utils.openstack - INFO - Successfully connected to OpenStack
2026-05-18 10:47:02 - app.utils.openstack - INFO - Successfully connected to OpenStack
2026-05-18 10:47:03 - app.utils.openstack - INFO - Successfully connected to OpenStack
2026-05-18 10:47:03 - app.utils.openstack - INFO - Successfully connected to OpenStack
2026-05-18 10:47:03 - app.utils.openstack - ERROR - Error listing networks: 'Network' object has no attribute 'admin_state_up'
2026-05-18 10:47:03 - app.utils.openstack - INFO - Successfully connected to OpenStack
2026-05-18 10:47:03 - app.utils.openstack - ERROR - Error listing networks: 'Network' object has no attribute 'admin_state_up'
2026-05-18 10:47:18 - app.utils.openstack - INFO - Successfully connected to OpenStack
2026-05-18 10:47:18 - app.utils.openstack - INFO - Successfully connected to OpenStack
2026-05-18 10:47:18 - app.utils.openstack - INFO - Successfully connected to OpenStack
2026-05-18 10:47:18 - app.utils.openstack - INFO - Successfully connected to OpenStack
2026-05-18 10:47:18 - app.utils.openstack - INFO - Successfully connected to OpenStack
2026-05-18 10:47:18 - app.utils.openstack - ERROR - Error listing networks: 'Network' object has no attribute 'admin_state_up'
2026-05-18 10:47:25 - app.utils.openstack - INFO - Successfully connected to OpenStack
2026-05-18 10:47:25 - app.utils.openstack - INFO - Successfully connected to OpenStack
2026-05-18 10:47:25 - app.utils.openstack - INFO - Successfully connected to OpenStack
2026-05-18 10:47:25 - app.utils.openstack - INFO - Successfully connected to OpenStack
2026-05-18 10:47:25 - app.utils.openstack - INFO - Successfully connected to OpenStack
2026-05-18 10:47:25 - app.utils.openstack - INFO - Successfully connected to OpenStack
2026-05-18 10:47:25 - app.utils.openstack - INFO - Successfully connected to OpenStack
2026-05-18 10:47:25 - app.utils.openstack - INFO - Successfully connected to OpenStack
2026-05-18 10:47:25 - app.utils.openstack - ERROR - Error listing networks: 'Network' object has no attribute 'admin_state_up'
2026-05-18 10:47:25 - app.utils.openstack - ERROR - Error listing networks: 'Network' object has no attribute 'admin_state_up'
2026-05-18 10:47:32 - app.utils.openstack - INFO - Successfully connected to OpenStack
2026-05-18 10:47:32 - app.utils.openstack - ERROR - Error deleting instance: ResourceNotFound: 404: Client Error for url: http://192.168.91.128/compute/v2.1/servers/8c007f0a-836b-4bd5-afa9-10e813293471/action, Instance 8c007f0a-836b-4bd5-afa9-10e813293471 could not be found.
2026-05-18 10:47:32 - app.routes.vms - ERROR - Error deleting instance: ResourceNotFound: 404: Client Error for url: http://192.168.91.128/compute/v2.1/servers/8c007f0a-836b-4bd5-afa9-10e813293471/action, Instance 8c007f0a-836b-4bd5-afa9-10e813293471 could not be found.
2026-05-18 10:48:18 - app.utils.openstack - INFO - Successfully connected to OpenStack
2026-05-18 10:48:34 - app.utils.openstack - INFO - Successfully connected to OpenStack
2026-05-18 10:48:34 - app.utils.openstack - INFO - Successfully connected to OpenStack
2026-05-18 10:48:34 - app.utils.openstack - INFO - Successfully connected to OpenStack
2026-05-18 10:48:35 - app.utils.openstack - INFO - Successfully connected to OpenStack
2026-05-18 10:48:35 - app.utils.openstack - ERROR - Error listing networks: 'Network' object has no attribute 'admin_state_up'
2026-05-18 10:51:03 - app.utils.openstack - INFO - Successfully connected to OpenStack
2026-05-18 10:51:03 - app.utils.openstack - INFO - Successfully connected to OpenStack
2026-05-18 10:51:03 - app.utils.openstack - INFO - Successfully connected to OpenStack
2026-05-18 10:51:03 - app.utils.openstack - INFO - Successfully connected to OpenStack
2026-05-18 10:51:04 - app.utils.openstack - ERROR - Error listing networks: 'Network' object has no attribute 'admin_state_up'
2026-05-18 10:51:55 - app.utils.openstack - INFO - Successfully connected to OpenStack
2026-05-18 10:51:55 - app.utils.openstack - INFO - Successfully connected to OpenStack
2026-05-18 10:51:55 - app.utils.openstack - INFO - Successfully connected to OpenStack
2026-05-18 10:51:55 - app.utils.openstack - INFO - Successfully connected to OpenStack
2026-05-18 10:51:55 - app.utils.openstack - ERROR - Error listing networks: 'Network' object has no attribute 'admin_state_up'
2026-05-18 10:52:04 - app.utils.openstack - INFO - Successfully connected to OpenStack
2026-05-18 10:52:04 - app.utils.openstack - INFO - Successfully connected to OpenStack
2026-05-18 10:52:04 - app.utils.openstack - INFO - Successfully connected to OpenStack
2026-05-18 10:52:04 - app.utils.openstack - INFO - Successfully connected to OpenStack
2026-05-18 10:52:04 - app.utils.openstack - ERROR - Error listing networks: 'Network' object has no attribute 'admin_state_up'
2026-05-18 10:52:39 - app.utils.openstack - INFO - Successfully connected to OpenStack
2026-05-18 10:52:39 - app.utils.openstack - INFO - Successfully connected to OpenStack
2026-05-18 10:52:39 - app.utils.openstack - INFO - Successfully connected to OpenStack
2026-05-18 10:52:39 - app.utils.openstack - INFO - Successfully connected to OpenStack
2026-05-18 10:52:39 - app.utils.openstack - INFO - Successfully connected to OpenStack
2026-05-18 10:52:39 - app.utils.openstack - INFO - Successfully connected to OpenStack
2026-05-18 10:52:40 - app.utils.openstack - ERROR - Error listing networks: 'Network' object has no attribute 'admin_state_up'
2026-05-18 10:52:40 - app.utils.openstack - INFO - Successfully connected to OpenStack
2026-05-18 10:52:40 - app.utils.openstack - INFO - Successfully connected to OpenStack
2026-05-18 10:52:40 - app.utils.openstack - ERROR - Error listing networks: 'Network' object has no attribute 'admin_state_up'
2026-05-18 10:52:46 - app.utils.openstack - INFO - Successfully connected to OpenStack
2026-05-18 10:52:46 - app.utils.openstack - INFO - Successfully connected to OpenStack
2026-05-18 10:52:46 - app.utils.openstack - INFO - Successfully connected to OpenStack
2026-05-18 10:52:46 - app.utils.openstack - INFO - Successfully connected to OpenStack
2026-05-18 10:52:46 - app.utils.openstack - ERROR - Error listing networks: 'Network' object has no attribute 'admin_state_up'
2026-05-18 10:57:55 - app.utils.openstack - INFO - Successfully connected to OpenStack
2026-05-18 10:57:55 - app.utils.openstack - INFO - Successfully connected to OpenStack
2026-05-18 10:57:55 - app.utils.openstack - INFO - Successfully connected to OpenStack
2026-05-18 10:57:55 - app.utils.openstack - INFO - Successfully connected to OpenStack
2026-05-18 10:57:55 - app.utils.openstack - ERROR - Error listing networks: 'Network' object has no attribute 'admin_state_up'
2026-05-18 10:58:01 - app.utils.openstack - INFO - Successfully connected to OpenStack
2026-05-18 10:58:01 - app.utils.openstack - INFO - Successfully connected to OpenStack
2026-05-18 10:58:01 - app.utils.openstack - INFO - Successfully connected to OpenStack
2026-05-18 10:58:01 - app.utils.openstack - INFO - Successfully connected to OpenStack
2026-05-18 10:58:01 - app.utils.openstack - ERROR - Error listing networks: 'Network' object has no attribute 'admin_state_up'
2026-05-18 10:58:27 - app.utils.openstack - INFO - Successfully connected to OpenStack
2026-05-18 10:58:27 - app.utils.openstack - INFO - Successfully connected to OpenStack
2026-05-18 10:58:27 - app.utils.openstack - INFO - Successfully connected to OpenStack
2026-05-18 10:58:27 - app.utils.openstack - INFO - Successfully connected to OpenStack
2026-05-18 10:58:27 - app.utils.openstack - ERROR - Error listing networks: 'Network' object has no attribute 'admin_state_up'
2026-05-18 10:58:31 - app.utils.openstack - INFO - Successfully connected to OpenStack
2026-05-18 10:58:31 - app.utils.openstack - INFO - Successfully connected to OpenStack
2026-05-18 10:58:31 - app.utils.openstack - INFO - Successfully connected to OpenStack
2026-05-18 10:58:31 - app.utils.openstack - INFO - Successfully connected to OpenStack
2026-05-18 10:58:31 - app.utils.openstack - INFO - Successfully connected to OpenStack
2026-05-18 10:58:31 - app.utils.openstack - ERROR - Error listing networks: 'Network' object has no attribute 'admin_state_up'
2026-05-18 10:58:31 - app.utils.openstack - INFO - Successfully connected to OpenStack
2026-05-18 10:58:31 - app.utils.openstack - INFO - Successfully connected to OpenStack
2026-05-18 10:58:31 - app.utils.openstack - INFO - Successfully connected to OpenStack
2026-05-18 10:58:31 - app.utils.openstack - ERROR - Error listing networks: 'Network' object has no attribute 'admin_state_up'
2026-05-18 10:58:32 - app.utils.openstack - INFO - Successfully connected to OpenStack
2026-05-18 10:58:32 - app.utils.openstack - INFO - Successfully connected to OpenStack
2026-05-18 10:58:32 - app.utils.openstack - INFO - Successfully connected to OpenStack
2026-05-18 10:58:32 - app.utils.openstack - INFO - Successfully connected to OpenStack
2026-05-18 10:58:32 - app.utils.openstack - INFO - Successfully connected to OpenStack
2026-05-18 10:58:32 - app.utils.openstack - INFO - Successfully connected to OpenStack
2026-05-18 10:58:33 - app.utils.openstack - INFO - Successfully connected to OpenStack
2026-05-18 10:58:33 - app.utils.openstack - INFO - Successfully connected to OpenStack
2026-05-18 10:58:33 - app.utils.openstack - ERROR - Error listing networks: 'Network' object has no attribute 'admin_state_up'
2026-05-18 10:58:33 - app.utils.openstack - ERROR - Error listing networks: 'Network' object has no attribute 'admin_state_up'
2026-05-18 10:58:35 - app.utils.openstack - INFO - Successfully connected to OpenStack
2026-05-18 10:58:35 - app.utils.openstack - INFO - Successfully connected to OpenStack
2026-05-18 10:58:38 - app.utils.openstack - INFO - Successfully connected to OpenStack
2026-05-18 10:58:38 - app.utils.openstack - INFO - Successfully connected to OpenStack
2026-05-18 10:58:38 - app.utils.openstack - INFO - Successfully connected to OpenStack
2026-05-18 10:58:38 - app.utils.openstack - INFO - Successfully connected to OpenStack
2026-05-18 10:58:38 - app.utils.openstack - INFO - Successfully connected to OpenStack
2026-05-18 10:58:38 - app.utils.openstack - INFO - Successfully connected to OpenStack
2026-05-18 10:58:38 - app.utils.openstack - ERROR - Error listing networks: 'Network' object has no attribute 'admin_state_up'
2026-05-18 10:58:38 - app.utils.openstack - INFO - Successfully connected to OpenStack
2026-05-18 10:58:38 - app.utils.openstack - INFO - Successfully connected to OpenStack
2026-05-18 10:58:38 - app.utils.openstack - ERROR - Error listing networks: 'Network' object has no attribute 'admin_state_up'
2026-05-18 10:59:33 - app.utils.openstack - INFO - Successfully connected to OpenStack
2026-05-18 10:59:33 - app.utils.openstack - INFO - Successfully connected to OpenStack
2026-05-18 11:00:47 - app.utils.openstack - INFO - Successfully connected to OpenStack
2026-05-18 11:00:48 - app.utils.openstack - INFO - Successfully connected to OpenStack
2026-05-18 11:00:50 - app.utils.openstack - INFO - Successfully connected to OpenStack
2026-05-18 11:00:50 - app.utils.openstack - INFO - Successfully connected to OpenStack
2026-05-18 11:00:50 - app.utils.openstack - INFO - Successfully connected to OpenStack
2026-05-18 11:00:50 - app.utils.openstack - INFO - Successfully connected to OpenStack
2026-05-18 11:00:50 - app.utils.openstack - INFO - Successfully connected to OpenStack
2026-05-18 11:00:50 - app.utils.openstack - INFO - Successfully connected to OpenStack
2026-05-18 11:00:50 - app.utils.openstack - ERROR - Error listing networks: 'Network' object has no attribute 'admin_state_up'
2026-05-18 11:00:50 - app.utils.openstack - INFO - Successfully connected to OpenStack
2026-05-18 11:00:50 - app.utils.openstack - INFO - Successfully connected to OpenStack
2026-05-18 11:00:50 - app.utils.openstack - ERROR - Error listing networks: 'Network' object has no attribute 'admin_state_up'
2026-05-18 11:02:27 - app.utils.openstack - INFO - Successfully connected to OpenStack
2026-05-18 11:02:27 - app.utils.openstack - INFO - Successfully connected to OpenStack
2026-05-18 11:02:27 - app.utils.openstack - INFO - Successfully connected to OpenStack
2026-05-18 11:02:27 - app.utils.openstack - INFO - Successfully connected to OpenStack
2026-05-18 11:02:27 - app.utils.openstack - ERROR - Error listing networks: 'Network' object has no attribute 'admin_state_up'
2026-05-18 11:03:14 - app.utils.openstack - INFO - Successfully connected to OpenStack
2026-05-18 11:03:14 - app.utils.openstack - INFO - Successfully connected to OpenStack
2026-05-18 11:03:14 - app.utils.openstack - INFO - Successfully connected to OpenStack
2026-05-18 11:03:14 - app.utils.openstack - INFO - Successfully connected to OpenStack
2026-05-18 11:03:15 - app.utils.openstack - ERROR - Error listing networks: 'Network' object has no attribute 'admin_state_up'
2026-05-18 11:03:39 - app.utils.openstack - INFO - Successfully connected to OpenStack
2026-05-18 11:03:39 - app.utils.openstack - INFO - Successfully connected to OpenStack
2026-05-18 11:03:39 - app.utils.openstack - INFO - Successfully connected to OpenStack
2026-05-18 11:03:39 - app.utils.openstack - INFO - Successfully connected to OpenStack
2026-05-18 11:03:39 - app.utils.openstack - ERROR - Error listing networks: 'Network' object has no attribute 'admin_state_up'
2026-05-18 11:03:47 - app.utils.openstack - INFO - Successfully connected to OpenStack
2026-05-18 11:03:47 - app.utils.openstack - INFO - Successfully connected to OpenStack
2026-05-18 11:03:47 - app.utils.openstack - INFO - Successfully connected to OpenStack
2026-05-18 11:03:47 - app.utils.openstack - INFO - Successfully connected to OpenStack
2026-05-18 11:03:47 - app.utils.openstack - INFO - Successfully connected to OpenStack
2026-05-18 11:03:47 - app.utils.openstack - INFO - Successfully connected to OpenStack
2026-05-18 11:03:47 - app.utils.openstack - INFO - Successfully connected to OpenStack
2026-05-18 11:03:47 - app.utils.openstack - INFO - Successfully connected to OpenStack
2026-05-18 11:03:47 - app.utils.openstack - ERROR - Error listing networks: 'Network' object has no attribute 'admin_state_up'
2026-05-18 11:03:48 - app.utils.openstack - ERROR - Error listing networks: 'Network' object has no attribute 'admin_state_up'
2026-05-18 11:08:22 - app.utils.openstack - INFO - Successfully connected to OpenStack
2026-05-18 11:08:22 - app.utils.openstack - INFO - Successfully connected to OpenStack
2026-05-18 11:08:22 - app.utils.openstack - INFO - Successfully connected to OpenStack
2026-05-18 11:08:22 - app.utils.openstack - INFO - Successfully connected to OpenStack
2026-05-18 11:08:22 - app.utils.openstack - ERROR - Error listing networks: 'Network' object has no attribute 'admin_state_up'
2026-05-18 11:08:45 - app.utils.openstack - INFO - Successfully connected to OpenStack
2026-05-18 11:08:45 - app.utils.openstack - INFO - Successfully connected to OpenStack
2026-05-18 11:08:45 - app.utils.openstack - INFO - Successfully connected to OpenStack
2026-05-18 11:08:45 - app.utils.openstack - INFO - Successfully connected to OpenStack
2026-05-18 11:08:45 - app.utils.openstack - ERROR - Error listing networks: 'Network' object has no attribute 'admin_state_up'
2026-05-18 11:57:16 - app.utils.openstack - INFO - Successfully connected to OpenStack
2026-05-18 11:57:16 - app.utils.openstack - INFO - Successfully connected to OpenStack
2026-05-18 11:57:16 - app.utils.openstack - INFO - Successfully connected to OpenStack
2026-05-18 11:57:16 - app.utils.openstack - INFO - Successfully connected to OpenStack
2026-05-18 11:57:16 - app.utils.openstack - ERROR - Error listing networks: 'Network' object has no attribute 'admin_state_up'
2026-05-18 11:57:28 - app.utils.openstack - INFO - Successfully connected to OpenStack
2026-05-18 11:57:28 - app.utils.openstack - INFO - Successfully connected to OpenStack
2026-05-18 11:57:28 - app.utils.openstack - INFO - Successfully connected to OpenStack
2026-05-18 11:57:28 - app.utils.openstack - INFO - Successfully connected to OpenStack
2026-05-18 11:57:28 - app.utils.openstack - INFO - Successfully connected to OpenStack
2026-05-18 11:57:28 - app.utils.openstack - INFO - Successfully connected to OpenStack
2026-05-18 11:57:28 - app.utils.openstack - INFO - Successfully connected to OpenStack
2026-05-18 11:57:28 - app.utils.openstack - ERROR - Error listing networks: 'Network' object has no attribute 'admin_state_up'
2026-05-18 11:57:29 - app.utils.openstack - ERROR - Error listing networks: 'Network' object has no attribute 'admin_state_up'
2026-05-18 11:57:29 - app.utils.openstack - INFO - Successfully connected to OpenStack
2026-05-18 12:00:30 - app.utils.openstack - INFO - Successfully connected to OpenStack
2026-05-18 12:00:30 - app.utils.openstack - INFO - Successfully connected to OpenStack
2026-05-18 12:00:30 - app.utils.openstack - INFO - Successfully connected to OpenStack
2026-05-18 12:00:30 - app.utils.openstack - INFO - Successfully connected to OpenStack
2026-05-18 12:00:30 - app.utils.openstack - ERROR - Error listing networks: 'Network' object has no attribute 'admin_state_up'
2026-05-18 12:01:15 - app.utils.openstack - INFO - Successfully connected to OpenStack
2026-05-18 12:01:15 - app.utils.openstack - INFO - Successfully connected to OpenStack
2026-05-18 12:01:15 - app.utils.openstack - INFO - Successfully connected to OpenStack
2026-05-18 12:01:15 - app.utils.openstack - INFO - Successfully connected to OpenStack
2026-05-18 12:01:15 - app.utils.openstack - ERROR - Error listing networks: 'Network' object has no attribute 'admin_state_up'
2026-05-18 12:01:27 - app.utils.openstack - INFO - Successfully connected to OpenStack
2026-05-18 12:01:27 - app.utils.openstack - INFO - Successfully connected to OpenStack
2026-05-18 12:01:27 - app.utils.openstack - INFO - Successfully connected to OpenStack
2026-05-18 12:01:27 - app.utils.openstack - INFO - Successfully connected to OpenStack
2026-05-18 12:01:27 - app.utils.openstack - ERROR - Error listing networks: 'Network' object has no attribute 'admin_state_up'
2026-05-18 12:06:13 - app.utils.openstack - INFO - Successfully connected to OpenStack
2026-05-18 12:06:13 - app.utils.openstack - INFO - Successfully connected to OpenStack
2026-05-18 12:06:13 - app.utils.openstack - INFO - Successfully connected to OpenStack
2026-05-18 12:06:13 - app.utils.openstack - INFO - Successfully connected to OpenStack
2026-05-18 12:06:13 - app.utils.openstack - ERROR - Error listing networks: 'Network' object has no attribute 'admin_state_up'
2026-05-18 12:06:21 - app.utils.openstack - INFO - Successfully connected to OpenStack
2026-05-18 12:06:21 - app.utils.openstack - INFO - Successfully connected to OpenStack
2026-05-18 12:06:21 - app.utils.openstack - INFO - Successfully connected to OpenStack
2026-05-18 12:06:21 - app.utils.openstack - INFO - Successfully connected to OpenStack
2026-05-18 12:06:21 - app.utils.openstack - INFO - Successfully connected to OpenStack
2026-05-18 12:06:21 - app.utils.openstack - INFO - Successfully connected to OpenStack
2026-05-18 12:06:21 - app.utils.openstack - INFO - Successfully connected to OpenStack
2026-05-18 12:06:21 - app.utils.openstack - ERROR - Error listing networks: 'Network' object has no attribute 'admin_state_up'
2026-05-18 12:06:21 - app.utils.openstack - INFO - Successfully connected to OpenStack
2026-05-18 12:06:21 - app.utils.openstack - ERROR - Error listing networks: 'Network' object has no attribute 'admin_state_up'
2026-05-18 12:11:18 - app.utils.openstack - INFO - Successfully connected to OpenStack
2026-05-18 12:11:18 - app.utils.openstack - INFO - Successfully connected to OpenStack
2026-05-18 12:11:23 - app.utils.openstack - INFO - Successfully connected to OpenStack
2026-05-18 12:11:24 - app.utils.openstack - INFO - Successfully connected to OpenStack
2026-05-18 12:11:24 - app.utils.openstack - INFO - Successfully connected to OpenStack
2026-05-18 12:11:24 - app.utils.openstack - INFO - Successfully connected to OpenStack
2026-05-18 12:11:24 - app.utils.openstack - INFO - Successfully connected to OpenStack
2026-05-18 12:11:24 - app.utils.openstack - INFO - Successfully connected to OpenStack
2026-05-18 12:11:24 - app.utils.openstack - INFO - Successfully connected to OpenStack
2026-05-18 12:11:24 - app.utils.openstack - ERROR - Error listing networks: 'Network' object has no attribute 'admin_state_up'
2026-05-18 12:11:24 - app.utils.openstack - INFO - Successfully connected to OpenStack
2026-05-18 12:11:24 - app.utils.openstack - ERROR - Error listing networks: 'Network' object has no attribute 'admin_state_up'
2026-05-18 12:11:38 - app.utils.openstack - INFO - Successfully connected to OpenStack
2026-05-18 12:11:38 - app.utils.openstack - INFO - Successfully connected to OpenStack
2026-05-18 12:11:42 - app.utils.openstack - INFO - Successfully connected to OpenStack
2026-05-18 12:11:42 - app.utils.openstack - INFO - Successfully connected to OpenStack
2026-05-18 12:11:42 - app.utils.openstack - INFO - Successfully connected to OpenStack
2026-05-18 12:11:42 - app.utils.openstack - INFO - Successfully connected to OpenStack
2026-05-18 12:11:42 - app.utils.openstack - INFO - Successfully connected to OpenStack
2026-05-18 12:11:42 - app.utils.openstack - INFO - Successfully connected to OpenStack
2026-05-18 12:11:42 - app.utils.openstack - INFO - Successfully connected to OpenStack
2026-05-18 12:11:42 - app.utils.openstack - INFO - Successfully connected to OpenStack
2026-05-18 12:11:42 - app.utils.openstack - ERROR - Error listing networks: 'Network' object has no attribute 'admin_state_up'
2026-05-18 12:11:42 - app.utils.openstack - ERROR - Error listing networks: 'Network' object has no attribute 'admin_state_up'
2026-05-18 12:11:55 - app.utils.openstack - INFO - Successfully connected to OpenStack
2026-05-18 12:11:55 - app.utils.openstack - INFO - Successfully connected to OpenStack
2026-05-18 12:12:08 - app.utils.openstack - INFO - Successfully connected to OpenStack
2026-05-18 12:12:08 - app.utils.openstack - INFO - Successfully connected to OpenStack
2026-05-18 12:12:08 - app.utils.openstack - INFO - Successfully connected to OpenStack
2026-05-18 12:12:08 - app.utils.openstack - INFO - Successfully connected to OpenStack
2026-05-18 12:12:09 - app.utils.openstack - INFO - Successfully connected to OpenStack
2026-05-18 12:12:09 - app.utils.openstack - INFO - Successfully connected to OpenStack
2026-05-18 12:12:09 - app.utils.openstack - INFO - Successfully connected to OpenStack
2026-05-18 12:12:09 - app.utils.openstack - INFO - Successfully connected to OpenStack
2026-05-18 12:12:09 - app.utils.openstack - ERROR - Error listing networks: 'Network' object has no attribute 'admin_state_up'
2026-05-18 12:12:09 - app.utils.openstack - ERROR - Error listing networks: 'Network' object has no attribute 'admin_state_up'
2026-05-18 12:12:24 - app.utils.openstack - INFO - Successfully connected to OpenStack
2026-05-18 12:12:24 - app.utils.openstack - INFO - Successfully connected to OpenStack
2026-05-18 12:12:24 - app.utils.openstack - INFO - Successfully connected to OpenStack
2026-05-18 12:12:24 - app.utils.openstack - INFO - Successfully connected to OpenStack
2026-05-18 12:12:24 - app.utils.openstack - INFO - Successfully connected to OpenStack
2026-05-18 12:12:24 - app.utils.openstack - INFO - Successfully connected to OpenStack
2026-05-18 12:12:24 - app.utils.openstack - ERROR - Error listing networks: 'Network' object has no attribute 'admin_state_up'
2026-05-18 12:12:24 - app.utils.openstack - INFO - Successfully connected to OpenStack
2026-05-18 12:12:24 - app.utils.openstack - INFO - Successfully connected to OpenStack
2026-05-18 12:12:24 - app.utils.openstack - ERROR - Error listing networks: 'Network' object has no attribute 'admin_state_up'
2026-05-18 12:15:49 - app.utils.openstack - INFO - Successfully connected to OpenStack
2026-05-18 12:15:49 - app.utils.openstack - INFO - Successfully connected to OpenStack
2026-05-18 12:15:49 - app.utils.openstack - INFO - Successfully connected to OpenStack
2026-05-18 12:15:49 - app.utils.openstack - INFO - Successfully connected to OpenStack
2026-05-18 12:15:50 - app.utils.openstack - ERROR - Error listing networks: 'Network' object has no attribute 'admin_state_up'
2026-05-18 12:15:59 - app.utils.openstack - INFO - Successfully connected to OpenStack
2026-05-18 12:15:59 - app.utils.openstack - INFO - Successfully connected to OpenStack
2026-05-18 12:15:59 - app.utils.openstack - INFO - Successfully connected to OpenStack
2026-05-18 12:15:59 - app.utils.openstack - INFO - Successfully connected to OpenStack
2026-05-18 12:15:59 - app.utils.openstack - ERROR - Error listing networks: 'Network' object has no attribute 'admin_state_up'
2026-05-18 12:20:01 - app.utils.openstack - INFO - Successfully connected to OpenStack
2026-05-18 12:20:01 - app.utils.openstack - INFO - Successfully connected to OpenStack
2026-05-18 12:20:01 - app.utils.openstack - INFO - Successfully connected to OpenStack
2026-05-18 12:20:01 - app.utils.openstack - INFO - Successfully connected to OpenStack
2026-05-18 12:20:01 - app.utils.openstack - ERROR - Error listing networks: 'Network' object has no attribute 'admin_state_up'
2026-05-18 12:20:04 - app.utils.openstack - INFO - Successfully connected to OpenStack
2026-05-18 12:20:04 - app.utils.openstack - INFO - Successfully connected to OpenStack
2026-05-18 12:20:04 - app.utils.openstack - INFO - Successfully connected to OpenStack
2026-05-18 12:20:04 - app.utils.openstack - INFO - Successfully connected to OpenStack
2026-05-18 12:20:04 - app.utils.openstack - INFO - Successfully connected to OpenStack
2026-05-18 12:20:04 - app.utils.openstack - INFO - Successfully connected to OpenStack
2026-05-18 12:20:05 - app.utils.openstack - INFO - Successfully connected to OpenStack
2026-05-18 12:20:05 - app.utils.openstack - ERROR - Error listing networks: 'Network' object has no attribute 'admin_state_up'
2026-05-18 12:20:05 - app.utils.openstack - INFO - Successfully connected to OpenStack
2026-05-18 12:20:05 - app.utils.openstack - ERROR - Error listing networks: 'Network' object has no attribute 'admin_state_up'
2026-05-18 12:25:41 - app.utils.openstack - INFO - Successfully connected to OpenStack
2026-05-18 12:25:41 - app.utils.openstack - INFO - Successfully connected to OpenStack
2026-05-18 12:25:41 - app.utils.openstack - INFO - Successfully connected to OpenStack
2026-05-18 12:25:41 - app.utils.openstack - INFO - Successfully connected to OpenStack
2026-05-18 12:25:41 - app.utils.openstack - ERROR - Error listing networks: 'Network' object has no attribute 'admin_state_up'
2026-05-18 12:30:20 - app.utils.openstack - INFO - Successfully connected to OpenStack
2026-05-18 12:30:20 - app.utils.openstack - INFO - Successfully connected to OpenStack
2026-05-18 12:30:20 - app.utils.openstack - INFO - Successfully connected to OpenStack
2026-05-18 12:30:20 - app.utils.openstack - INFO - Successfully connected to OpenStack
2026-05-18 12:30:21 - app.utils.openstack - ERROR - Error listing networks: 'Network' object has no attribute 'admin_state_up'
2026-05-18 12:30:26 - app.utils.openstack - INFO - Successfully connected to OpenStack
2026-05-18 12:30:26 - app.utils.openstack - INFO - Successfully connected to OpenStack
2026-05-18 12:30:26 - app.utils.openstack - INFO - Successfully connected to OpenStack
2026-05-18 12:30:26 - app.utils.openstack - INFO - Successfully connected to OpenStack
2026-05-18 12:30:26 - app.utils.openstack - INFO - Successfully connected to OpenStack
2026-05-18 12:30:26 - app.utils.openstack - INFO - Successfully connected to OpenStack
2026-05-18 12:30:26 - app.utils.openstack - INFO - Successfully connected to OpenStack
2026-05-18 12:30:26 - app.utils.openstack - INFO - Successfully connected to OpenStack
2026-05-18 12:30:26 - app.utils.openstack - ERROR - Error listing networks: 'Network' object has no attribute 'admin_state_up'
2026-05-18 12:30:26 - app.utils.openstack - ERROR - Error listing networks: 'Network' object has no attribute 'admin_state_up'
2026-05-18 12:31:18 - app - INFO - Logging configured successfully
2026-05-18 12:31:18 - app - INFO - Logging configured successfully
2026-05-18 12:31:18 - app - INFO - Logging configured successfully
2026-05-18 12:31:18 - app - INFO - Logging configured successfully
2026-05-18 12:31:20 - app.utils.openstack - INFO - Successfully connected to OpenStack
2026-05-18 12:31:20 - app.utils.openstack - INFO - Successfully connected to OpenStack
2026-05-18 12:31:20 - app.utils.openstack - INFO - Successfully connected to OpenStack
2026-05-18 12:31:20 - app.utils.openstack - INFO - Successfully connected to OpenStack
2026-05-18 12:31:20 - app - INFO - Application started in production mode
2026-05-18 12:31:20 - app - INFO - Application started in production mode
2026-05-18 12:31:20 - app - INFO - Application started in production mode
2026-05-18 12:31:20 - app - INFO - Application started in production mode
2026-05-18 12:31:22 - app.utils.openstack - INFO - Successfully connected to OpenStack
2026-05-18 12:31:23 - app.utils.openstack - INFO - Successfully connected to OpenStack
2026-05-18 12:31:25 - app.utils.openstack - INFO - Successfully connected to OpenStack
2026-05-18 12:31:25 - app.utils.openstack - INFO - Successfully connected to OpenStack
2026-05-18 12:31:25 - app.routes.vms - INFO - User 'admin' requested keypair list; headers={'Host': 'backend:8000', 'User-Agent': 'Mozilla/5.0 (Windows NT 10.0; Win64; x64; rv:150.0) Gecko/20100101 Firefox/150.0', 'Accept': 'application/json, text/plain, */*', 'Accept-Language': 'en-US,en;q=0.9', 'Accept-Encoding': 'gzip, deflate', 'Authorization': 'Bearer eyJhbGciOiJIUzI1NiIsInR5cCI6IkpXVCJ9.eyJ1c2VyX2lkIjoxLCJ1c2VybmFtZSI6ImFkbWluIiwicm9sZSI6ImFkbWluIiwiZXhwIjoxNzc5MTkyNzE0Ljk2MjA2NX0.EKzW2cgjG6jeJl5t-M7QEFefZt1NzF9XcF0OvbE5x6Q', 'X-Openstack-Project': 'demo', 'Connection': 'close', 'Referer': 'http://192.168.127.128:5173/vms', 'Dnt': '1', 'Sec-Gpc': '1'}
2026-05-18 12:31:25 - app.utils.openstack - INFO - Successfully connected to OpenStack
2026-05-18 12:31:25 - app.utils.openstack - INFO - Successfully connected to OpenStack
2026-05-18 12:31:25 - app.utils.openstack - INFO - Successfully connected to OpenStack
2026-05-18 12:31:25 - app.routes.vms - INFO - User 'admin' requested network list; headers={'Host': 'backend:8000', 'User-Agent': 'Mozilla/5.0 (Windows NT 10.0; Win64; x64; rv:150.0) Gecko/20100101 Firefox/150.0', 'Accept': 'application/json, text/plain, */*', 'Accept-Language': 'en-US,en;q=0.9', 'Accept-Encoding': 'gzip, deflate', 'Authorization': 'Bearer eyJhbGciOiJIUzI1NiIsInR5cCI6IkpXVCJ9.eyJ1c2VyX2lkIjoxLCJ1c2VybmFtZSI6ImFkbWluIiwicm9sZSI6ImFkbWluIiwiZXhwIjoxNzc5MTkyNzE0Ljk2MjA2NX0.EKzW2cgjG6jeJl5t-M7QEFefZt1NzF9XcF0OvbE5x6Q', 'X-Openstack-Project': 'demo', 'Connection': 'close', 'Referer': 'http://192.168.127.128:5173/vms', 'Dnt': '1', 'Sec-Gpc': '1'}
2026-05-18 12:31:25 - app.utils.openstack - INFO - Successfully connected to OpenStack
2026-05-18 12:31:26 - app.utils.openstack - INFO - Successfully connected to OpenStack
2026-05-18 12:31:26 - app.routes.vms - INFO - User 'admin' requested keypair list; headers={'Host': 'backend:8000', 'User-Agent': 'Mozilla/5.0 (Windows NT 10.0; Win64; x64; rv:150.0) Gecko/20100101 Firefox/150.0', 'Accept': 'application/json, text/plain, */*', 'Accept-Language': 'en-US,en;q=0.9', 'Accept-Encoding': 'gzip, deflate', 'Authorization': 'Bearer eyJhbGciOiJIUzI1NiIsInR5cCI6IkpXVCJ9.eyJ1c2VyX2lkIjoxLCJ1c2VybmFtZSI6ImFkbWluIiwicm9sZSI6ImFkbWluIiwiZXhwIjoxNzc5MTkyNzE0Ljk2MjA2NX0.EKzW2cgjG6jeJl5t-M7QEFefZt1NzF9XcF0OvbE5x6Q', 'X-Openstack-Project': 'demo', 'Connection': 'close', 'Referer': 'http://192.168.127.128:5173/vms', 'Dnt': '1', 'Sec-Gpc': '1'}
2026-05-18 12:31:26 - app.utils.openstack - INFO - Successfully connected to OpenStack
2026-05-18 12:31:26 - app.utils.openstack - INFO - Successfully connected to OpenStack
2026-05-18 12:31:26 - app.routes.vms - INFO - User 'admin' requested network list; headers={'Host': 'backend:8000', 'User-Agent': 'Mozilla/5.0 (Windows NT 10.0; Win64; x64; rv:150.0) Gecko/20100101 Firefox/150.0', 'Accept': 'application/json, text/plain, */*', 'Accept-Language': 'en-US,en;q=0.9', 'Accept-Encoding': 'gzip, deflate', 'Authorization': 'Bearer eyJhbGciOiJIUzI1NiIsInR5cCI6IkpXVCJ9.eyJ1c2VyX2lkIjoxLCJ1c2VybmFtZSI6ImFkbWluIiwicm9sZSI6ImFkbWluIiwiZXhwIjoxNzc5MTkyNzE0Ljk2MjA2NX0.EKzW2cgjG6jeJl5t-M7QEFefZt1NzF9XcF0OvbE5x6Q', 'X-Openstack-Project': 'demo', 'Connection': 'close', 'Referer': 'http://192.168.127.128:5173/vms', 'Dnt': '1', 'Sec-Gpc': '1'}
2026-05-18 12:31:26 - app.utils.openstack - INFO - Successfully connected to OpenStack
2026-05-18 12:31:28 - app.routes.vms - INFO - User 'admin' requested keypair list; headers={'Host': 'backend:8000', 'User-Agent': 'Mozilla/5.0 (Windows NT 10.0; Win64; x64; rv:150.0) Gecko/20100101 Firefox/150.0', 'Accept': 'application/json, text/plain, */*', 'Accept-Language': 'en-US,en;q=0.9', 'Accept-Encoding': 'gzip, deflate', 'Authorization': 'Bearer eyJhbGciOiJIUzI1NiIsInR5cCI6IkpXVCJ9.eyJ1c2VyX2lkIjoxLCJ1c2VybmFtZSI6ImFkbWluIiwicm9sZSI6ImFkbWluIiwiZXhwIjoxNzc5MTkyNzE0Ljk2MjA2NX0.EKzW2cgjG6jeJl5t-M7QEFefZt1NzF9XcF0OvbE5x6Q', 'X-Openstack-Project': 'demo', 'Connection': 'close', 'Referer': 'http://192.168.127.128:5173/vms', 'Dnt': '1', 'Sec-Gpc': '1', 'Priority': 'u=0'}
2026-05-18 12:31:28 - app.utils.openstack - INFO - Successfully connected to OpenStack
2026-05-18 12:32:07 - app.utils.openstack - INFO - Successfully connected to OpenStack
2026-05-18 12:32:21 - app.utils.openstack - INFO - Successfully connected to OpenStack
2026-05-18 12:32:21 - app.utils.openstack - INFO - Successfully connected to OpenStack
2026-05-18 12:32:21 - app.routes.vms - INFO - User 'admin' requested network list; headers={'Host': 'backend:8000', 'User-Agent': 'Mozilla/5.0 (Windows NT 10.0; Win64; x64; rv:150.0) Gecko/20100101 Firefox/150.0', 'Accept': 'application/json, text/plain, */*', 'Accept-Language': 'en-US,en;q=0.9', 'Accept-Encoding': 'gzip, deflate', 'Authorization': 'Bearer eyJhbGciOiJIUzI1NiIsInR5cCI6IkpXVCJ9.eyJ1c2VyX2lkIjoxLCJ1c2VybmFtZSI6ImFkbWluIiwicm9sZSI6ImFkbWluIiwiZXhwIjoxNzc5MTkyNzE0Ljk2MjA2NX0.EKzW2cgjG6jeJl5t-M7QEFefZt1NzF9XcF0OvbE5x6Q', 'X-Openstack-Project': 'demo', 'Connection': 'close', 'Referer': 'http://192.168.127.128:5173/vms', 'Dnt': '1', 'Sec-Gpc': '1'}
2026-05-18 12:32:21 - app.utils.openstack - INFO - Successfully connected to OpenStack
2026-05-18 12:32:21 - app.utils.openstack - INFO - Successfully connected to OpenStack
2026-05-18 12:32:27 - app.utils.openstack - INFO - Successfully connected to OpenStack
2026-05-18 12:32:36 - app.utils.openstack - INFO - Successfully connected to OpenStack
